Captured home-1440x900
Captured preview-1440x900
Captured playlist-1440x900
Captured rows-1440x900
Captured fallback-1440x900
Captured favorites-1440x900
Captured results-1440x900
FAIL empty-1440x900: native capture timeout; see empty-1440x900.log
FAIL error-1440x900: native capture timeout; see error-1440x900.log
Captured filter-1440x900
Captured home-1024x768
Captured preview-1024x768
Captured playlist-1024x768
Captured rows-1024x768
Captured fallback-1024x768
Captured favorites-1024x768
Captured results-1024x768
FAIL empty-1024x768: native capture timeout; see empty-1024x768.log
FAIL error-1024x768: native capture timeout; see error-1024x768.log
Captured filter-1024x768
Captured home-1199x900
Captured preview-1199x900
Captured playlist-1199x900
Captured rows-1199x900
Captured fallback-1199x900
Captured favorites-1199x900
Captured results-1199x900
FAIL empty-1199x900: native capture timeout; see empty-1199x900.log
FAIL error-1199x900: native capture timeout; see error-1199x900.log
Captured filter-1199x900
Captured home-1200x900
Captured preview-1200x900
Captured playlist-1200x900
Captured rows-1200x900
Captured fallback-1200x900
Captured favorites-1200x900
Captured results-1200x900
FAIL empty-1200x900: native capture timeout; see empty-1200x900.log
FAIL error-1200x900: native capture timeout; see error-1200x900.log
FAIL filter-1200x900: native exit -11
Captured home-1001x900
Captured preview-1001x900
Captured playlist-1001x900
Captured rows-1001x900
Captured fallback-1001x900
Captured favorites-1001x900
Captured results-1001x900
FAIL empty-1001x900: native capture timeout; see empty-1001x900.log
FAIL error-1001x900: native capture timeout; see error-1001x900.log
Captured filter-1001x900
Captured home-1002x900
Captured preview-1002x900
Captured playlist-1002x900
Captured rows-1002x900
Captured fallback-1002x900
Captured favorites-1002x900
Captured results-1002x900
FAIL empty-1002x900: native capture timeout; see empty-1002x900.log
